// Jest Snapshot v1, https://goo.gl/fbAQLP

exports[`will render links 1`] = `
<Fragment>
  <ForwardRef(IconButton)
    onClick={[Function]}
  >
    <Memo(ForwardRef(HelpIcon))
      color="info"
      style={
        Object {
          "fontSize": "2rem",
        }
      }
    />
  </ForwardRef(IconButton)>
  <ForwardRef(IconButton)
    onClick={[Function]}
  >
    <Memo(ForwardRef(GitHubIcon))
      color="success"
      style={
        Object {
          "fontSize": "2rem",
        }
      }
    />
  </ForwardRef(IconButton)>
</Fragment>
`;

exports[`will render the information dialog 1`] = `
<ForwardRef(Dialog)
  maxWidth="xs"
  onClose={[MockFunction]}
  open={true}
  sx={
    Object {
      "& .MuiDialog-paper": Object {
        "maxHeight": 530,
        "width": "80%",
      },
    }
  }
>
  <ForwardRef(DialogTitle)
    sx={
      Object {
        "alignItems": "center",
        "display": "flex",
        "justifyContent": "space-between",
      }
    }
  >
    Board Info
    <ForwardRef(IconButton)
      aria-label="reset"
      onClick={[MockFunction]}
    >
      <Memo(ForwardRef(CloseIcon))
        style={
          Object {
            "fontSize": "1.5rem",
          }
        }
      />
    </ForwardRef(IconButton)>
  </ForwardRef(DialogTitle)>
  <ForwardRef(DialogContent)
    dividers={true}
  >
    <ForwardRef(ListItem)
      key="Info 1"
    >
      <ForwardRef(ListItemText)
        primary="Info 1"
        secondary="Info 1 value"
      />
    </ForwardRef(ListItem)>
    <ForwardRef(ListItem)
      key="Info 2"
    >
      <ForwardRef(ListItemText)
        primary="Info 2"
        secondary="Info 2 value"
      />
    </ForwardRef(ListItem)>
  </ForwardRef(DialogContent)>
  <ForwardRef(DialogActions)
    sx={
      Object {
        "display": "flex",
        "flexDirection": "row",
        "justifyContent": "space-around",
      }
    }
  >
    <Links />
  </ForwardRef(DialogActions)>
</ForwardRef(Dialog)>
`;
