// Jest Snapshot v1, https://goo.gl/fbAQLP

exports[`renders 1`] = `
<Fragment>
  <ControlTop
    generations={0}
    handleClear={[Function]}
    handleGrid={[Function]}
    handlePause={[Function]}
    handleRefresh={[Function]}
    handleReset={[Function]}
    height={12}
    isRefreshing={false}
    showGrid={true}
  />
  <ControlBottom
    cellSize={15}
    handleCellSize={[Function]}
    handleRefreshRate={[Function]}
    height={12}
    refreshRate={140}
  />
  <div
    style={
      Object {
        "paddingLeft": 0,
      }
    }
  >
    <canvas
      height={90}
      onClick={[Function]}
      tabIndex="0"
      width={90}
    />
  </div>
  <PatternsDialog
    handleCancel={[Function]}
    handleChange={[Function]}
    handleOk={[Function]}
    open={false}
    value="Random"
  />
</Fragment>
`;
