// Jest Snapshot v1, https://goo.gl/fbAQLP

exports[`renders 1`] = `
<Fragment>
  <ControlTop
    generations={0}
    handleClear={[Function]}
    handleGrid={[Function]}
    handlePattern={[Function]}
    handlePause={[Function]}
    handleRefresh={[Function]}
    height={12}
    isRefreshing={true}
    showGrid={true}
  />
  <ControlBottom
    cellSize={15}
    handleCellSize={[Function]}
    handleRefreshRate={[Function]}
    height={12}
    refreshRate={-100}
  />
  <div
    style={
      Object {
        "background": "black",
        "paddingLeft": 0,
      }
    }
  >
    <canvas
      height={90}
      onClick={[Function]}
      tabIndex="0"
      width={90}
    />
  </div>
  <PatternsDialog
    handleCancel={[Function]}
    handleEntering={[Function]}
    handleOk={[Function]}
    handlePatternChange={[Function]}
    open={false}
    radioGroupRef={
      Object {
        "current": Object {
          "focus": [MockFunction],
          "getBoundingClientRect": [Function],
          "getContext": [Function],
          "style": Object {},
        },
      }
    }
    value="random"
  />
</Fragment>
`;
